[10] platform_init()
[10] target_init()
[20] display_init(),target_id=3948.
[20] Config LVDS_PANEL.
[20] Panel is 1364 x 768
[20] Turn on LVDS PANEL.
[110] USB init ept @ 0x88f52000
[130] fastboot_init()
[130] udc_start()
[350] -- reset --
[350] -- portchange --
[430] -- reset --
[430] -- portchange --
[520] fastboot: processing commands
[1630] fastboot: download:0052b800
[1960] fastboot: boot
[1980] Power on reason 32
[1980] cmdline: console=ttyMSM0,115200,n8 loglevel=7 init=/sbin/init cros_secure oops=panic panic=-1 root=/dev/sda3 rootwait rw text dm_verity)
[2010] Turn off LVDS PANEL.
[    0.000000] Booting Linux on physical CPU 0x0
[    0.000000] Initializing cgroup subsys cpu
[    0.000000] Initializing cgroup subsys cpuacct
[    0.000000] Linux version 3.17.0-rc1-gca49f69-dirty (smartplay@SPINITDTDL00003) (gcc version 4.7.3 20130226 (prerelease) (crosstool-NG lina4
[    0.000000] CPU: ARMv7 Processor [511f06f0] revision 0 (ARMv7), cr=10c5787d
[    0.000000] CPU: PIPT / VIPT nonaliasing data cache, PIPT instruction cache
[    0.000000] Machine model: Qualcomm APQ8064/IFC6410
[    0.000000] Ignoring memory range 0xffffffff - 0x100000000
[    0.000000] cma: Reserved 64 MiB at ab800000
[    0.000000] Memory policy: Data cache writealloc
[    0.000000] PERCPU: Embedded 8 pages/cpu @ea78e000 s9920 r8192 d14656 u32768
[    0.000000] Built 1 zonelists in Zone order, mobility grouping on.  Total pages: 522767
[    0.000000] Kernel command line: console=ttyMSM0,115200,n8 loglevel=7 init=/sbin/init cros_secure oops=panic panic=-1 root=/dev/sda3 rootwaq
[    0.000000] log_buf_len individual max cpu contribution: 2097152 bytes
[    0.000000] log_buf_len total cpu_extra contributions: 6291456 bytes
[    0.000000] log_buf_len min size: 2097152 bytes
[    0.000000] log_buf_len: 8388608 bytes
[    0.000000] early log buf free: 2094652(99%)
[    0.000000] PID hash table entries: 4096 (order: 2, 16384 bytes)
[    0.000000] Dentry cache hash table entries: 131072 (order: 7, 524288 bytes)
[    0.000000] Inode-cache hash table entries: 65536 (order: 6, 262144 bytes)
[    0.000000] allocated 4194296 bytes of page_cgroup
[    0.000000] please try 'cgroup_disable=memory' option if you don't want memory cgroups
[    0.000000] Memory: 1980092K/2097148K available (6797K kernel code, 1032K rwdata, 2964K rodata, 657K init, 10127K bss, 117056K reserved, 13)
[    0.000000] Virtual kernel memory layout:
[    0.000000]     vector  : 0xffff0000 - 0xffff1000   (   4 kB)
[    0.000000]     fixmap  : 0xffc00000 - 0xffe00000   (2048 kB)
[    0.000000]     vmalloc : 0xf0000000 - 0xff000000   ( 240 MB)
[    0.000000]     lowmem  : 0xc0000000 - 0xef800000   ( 760 MB)
[    0.000000]     pkmap   : 0xbfe00000 - 0xc0000000   (   2 MB)
[    0.000000]     modules : 0xbf000000 - 0xbfe00000   (  14 MB)
[    0.000000]       .text : 0xc0208000 - 0xc0b907b4   (9762 kB)
[    0.000000]       .init : 0xc0b91000 - 0xc0c356c0   ( 658 kB)
[    0.000000]       .data : 0xc0c36000 - 0xc0d38080   (1033 kB)
[    0.000000]        .bss : 0xc0d38080 - 0xc171bed8   (10128 kB)
[    0.000000] SLUB: HWalign=64, Order=0-3, MinObjects=0, CPUs=4, Nodes=1
[    0.000000] Hierarchical RCU implementation.
[    0.000000]  RCU restricting CPUs from NR_CPUS=8 to nr_cpu_ids=4.
[    0.000000] RCU: Adjusting geometry for rcu_fanout_leaf=16, nr_cpu_ids=4
[    0.000000] NR_IRQS:16 nr_irqs:16 16
[    0.000013] sched_clock: 32 bits at 6MHz, resolution 148ns, wraps every 636291450731ns
[    0.000033] Switching to timer-based delay loop, resolution 148ns
[    0.001567] Console: colour dummy device 80x30
[    0.001615] Lock dependency validator: Copyright (c) 2006 Red Hat, Inc., Ingo Molnar
[    0.001627] ... MAX_LOCKDEP_SUBCLASSES:  8
[    0.001639] ... MAX_LOCK_DEPTH:          48
[    0.001648] ... MAX_LOCKDEP_KEYS:        8191
[    0.001657] ... CLASSHASH_SIZE:          4096
[    0.001668] ... MAX_LOCKDEP_ENTRIES:     32768
[    0.001677] ... MAX_LOCKDEP_CHAINS:      65536
[    0.001687] ... CHAINHASH_SIZE:          32768
[    0.001697]  memory used by lock dependency info: 5167 kB
[    0.001706]  per task-struct memory footprint: 1152 bytes
[    0.001763] Calibrating delay loop (skipped), value calculated using timer frequency.. 13.50 BogoMIPS (lpj=33750)
[    0.001791] pid_max: default: 32768 minimum: 301
[    0.002263] Security Framework initialized
[    0.002425] Mount-cache hash table entries: 2048 (order: 1, 8192 bytes)
[    0.002446] Mountpoint-cache hash table entries: 2048 (order: 1, 8192 bytes)
[    0.005422] Initializing cgroup subsys memory
[    0.005505] Initializing cgroup subsys devices
[    0.005612] Initializing cgroup subsys freezer
[    0.005718] Initializing cgroup subsys blkio
[    0.005762] Initializing cgroup subsys debug
[    0.005855] CPU: Testing write buffer coherency: ok
[    0.007387] CPU0: thread -1, cpu 0, socket 0, mpidr 80000000
[    0.008093] Setting up static identity map for 0x8086e030 - 0x8086e0c8
[    0.016689] CPU1: Booted secondary processor
[    0.016925] CPU1: thread -1, cpu 1, socket 0, mpidr 80000001
[    0.019564] CPU2: Booted secondary processor
[    0.019694] CPU2: thread -1, cpu 2, socket 0, mpidr 80000002
[    0.021919] CPU3: Booted secondary processor
[    0.022074] CPU3: thread -1, cpu 3, socket 0, mpidr 80000003
[    0.022303] Brought up 4 CPUs
[    0.022336] SMP: Total of 4 processors activated.
[    0.022351] CPU: All CPU(s) started in SVC mode.
[    0.027561] devtmpfs: initialized
[    0.054171] VFP support v0.3: implementor 51 architecture 0 part 6f variant 1 rev 0
[    0.059561] pinctrl core: initialized pinctrl subsystem
[    0.063394] regulator-dummy: no parameters
[    0.081083] NET: Registered protocol family 16
[    0.094335] DMA: preallocated 256 KiB pool for atomic coherent allocations
[    0.103437] cpuidle: using governor ladder
[    0.103510] cpuidle: using governor menu
[    0.167107] No ATAGs?
[    0.167319] hw-breakpoint: found 5 (+1 reserved) breakpoint and 4 watchpoint registers.
[    0.167353] hw-breakpoint: maximum watchpoint size is 8 bytes.
[    0.168187] EXYNOS: PMU not supported
[    0.189884] qcom_rpm 108000.rpm: RPM firmware 3.0.16842914
[    0.190048] qcom_rpm 108000.rpm: failed to mark ack irq as wakeup
[    0.190216] qcom_rpm 108000.rpm: failed to mark wakeup irq as wakeup
[    0.203540] Serial: AMBA PL011 UART driver
[    0.317666] edma-dma-engine edma-dma-engine.0: Can't allocate PaRAM dummy slot
[    0.317805] edma-dma-engine: probe of edma-dma-engine.0 failed with error -22
[    0.321641] ext_3p3v: 3300 mV 
[    0.323429] SDCC Power: 2700 mV 
[    0.325222] PCIE V3P3: 3300 mV 
[    0.331313] pm8921-s3: 1000 <--> 1400 mV 
[    0.332824] pm8921-s4: 1800 mV 
[    0.334256] pm8921-l2: 1200 mV 
[    0.335757] pm8921-l3: 3050 <--> 3300 mV 
[    0.337045] pm8921-l4: 1000 <--> 1800 mV 
[    0.338445] pm8921-l23: 1000 <--> 1800 mV 
[    0.339724] pm8921-lvs6: no parameters
[    0.341274] pm8921-lvs7: no parameters
[    0.342513] pm8921-hdmi-mvs: no parameters
[    0.348874] vgaarb: loaded
[    0.353440] SCSI subsystem initialized
[    0.356928] usbcore: registered new interface driver usbfs
[    0.357360] usbcore: registered new interface driver hub
[    0.357938] usbcore: registered new device driver usb
[    0.362551] Linux video capture interface: v2.00
[    0.362864] pps_core: LinuxPPS API ver. 1 registered
[    0.362889] pps_core: Software ver. 5.3.6 - Copyright 2005-2007 Rodolfo Giometti <giometti@linux.it>
[    0.363059] PTP clock support registered
[    0.363525] EDAC MC: Ver: 3.0.0
[    0.367040] qcom-iommu-v0 7500000.qcom,iommu: could not get smmu_pclk
[    0.367176] platform 7500000.qcom,iommu: Driver qcom-iommu-v0 requests probe deferral
[    0.367485] qcom-iommu-v0 7c00000.qcom,iommu: could not get smmu_pclk
[    0.367583] platform 7c00000.qcom,iommu: Driver qcom-iommu-v0 requests probe deferral
[    0.367875] qcom-iommu-v0 7d00000.qcom,iommu: could not get smmu_pclk
[    0.367972] platform 7d00000.qcom,iommu: Driver qcom-iommu-v0 requests probe deferral
[    0.378621] cfg80211: Calling CRDA to update world regulatory domain
[    0.472907] qcom_pcie 1b500000.pci: link initialized 0
[    0.474723] PCI host bridge to bus 0000:00
[    0.474772] pci_bus 0000:00: root bus resource [mem 0x08000000-0x0fdfffff]
[    0.474808] pci_bus 0000:00: root bus resource [io  0xffffffff]
[    0.474905] pci_bus 0000:00: No busn resource found for root bus, will use [bus 00-ff]
[    0.478347] PCI: bus0: Fast back to back transfers disabled
[    0.478393] pci 0000:00:00.0: bridge configuration invalid ([bus 00-00]), reconfiguring
[    0.481940] PCI: bus1: Fast back to back transfers disabled
[    0.482280] pci 0000:00:00.0: BAR 8: assigned [mem 0x08000000-0x080fffff]
[    0.482324] pci 0000:00:00.0: BAR 7: no space for [io  size 0x1000]
[    0.482358] pci 0000:00:00.0: BAR 7: failed to assign [io  size 0x1000]
[    0.482410] pci 0000:01:00.0: BAR 0: assigned [mem 0x08000000-0x0803ffff 64bit]
[    0.482507] pci 0000:01:00.0: BAR 2: no space for [io  size 0x0080]
[    0.482537] pci 0000:01:00.0: BAR 2: failed to assign [io  size 0x0080]
[    0.482577] pci 0000:00:00.0: PCI bridge to [bus 01]
[    0.482631] pci 0000:00:00.0:   bridge window [mem 0x08000000-0x080fffff]
[    0.486679] Switched to clocksource dg_timer
[    0.559004] NET: Registered protocol family 2
[    0.562419] TCP established hash table entries: 8192 (order: 3, 32768 bytes)
[    0.562945] TCP bind hash table entries: 8192 (order: 6, 294912 bytes)
[    0.569882] TCP: Hash tables configured (established 8192 bind 8192)
[    0.570290] TCP: reno registered
[    0.570358] UDP hash table entries: 512 (order: 3, 40960 bytes)
[    0.571254] UDP-Lite hash table entries: 512 (order: 3, 40960 bytes)
[    0.574512] NET: Registered protocol family 1
[    0.578910] hw perfevents: enabled with armv7_krait PMU driver, 5 counters available
[    0.588936] futex hash table entries: 1024 (order: 4, 65536 bytes)
[    0.671464] VFS: Disk quotas dquot_6.5.2
[    0.673161] Dquot-cache hash table entries: 1024 (order 0, 4096 bytes)
[    0.688984] squashfs: version 4.0 (2009/01/31) Phillip Lougher
[    0.698079] msgmni has been set to 1419
[    0.706198] bounce: pool size: 64 pages
[    0.707915] Block layer SCSI generic (bsg) driver version 0.4 loaded (major 249)
[    0.708118] io scheduler noop registered
[    0.708176] io scheduler deadline registered
[    0.708392] io scheduler cfq registered (default)
[    0.751331] gsbi 16600000.gsbi: GSBI port protocol: 6 crci: 0
[    1.009544] Serial: 8250/16550 driver, 4 ports, IRQ sharing disabled
[    1.017793] Serial: IMX driver
[    1.018819] msm_serial: detected port #0
[    1.018911] uartclk = 1843200
[    1.019156] 16640000.serial: ttyMSM0 at MMIO 0x16640000 (irq = 190, base_baud = 115200) is a MSM
[    1.019363] msm_serial: console setup on port #0
[    1.964530] console [ttyMSM0] enabled
[    1.970889] msm_serial: driver initialized
[    1.973593] STMicroelectronics ASC driver initialized
[    1.978831] serial: Freescale lpuart driver
[    1.982267] [drm] Initialized drm 1.1.0 20060810
[    2.000298] hdmi_msm 4a00000.qcom,hdmi-tx: failed to get gpio: qcom,hdmi-tx-mux-en (-2)
[    2.000378] hdmi_msm 4a00000.qcom,hdmi-tx: failed to get gpio: qcom,hdmi-tx-mux-sel (-2)
[    2.007877] hdmi_msm 4a00000.qcom,hdmi-tx: failed to get gpio: qcom,hdmi-tx-mux-lpm (-2)
[    2.015691] msm 5100000.qcom,mdp: bound 4a00000.qcom,hdmi-tx (ops hdmi_ops)
[    2.023785] msm 5100000.qcom,mdp: bound 4300000.qcom,adreno-3xx (ops a3xx_ops)
[    2.030951] msm 5100000.qcom,mdp: dummy supplies not allowed
[    2.037811] msm 5100000.qcom,mdp: failed to get core_clk
[    2.043471] msm 5100000.qcom,mdp: failed to load kms
[    2.063403] msm 5100000.qcom,mdp: master bind failed: -517
[    2.063551] platform 5100000.qcom,mdp: Driver msm requests probe deferral
[    2.069393] soc:auo,b101xtn01 supply power not found, using dummy regulator
[    2.110341] loop: module loaded
[    2.115100] ssbi 500000.qcom,ssbi: SSBI controller type: 'pmic-arbiter'
[    2.122071] qcom_ahci_qcom 29000000.sata: forcing PORTS_IMPL to 0x1
[    2.122383] qcom_ahci_qcom 29000000.sata: AHCI 0001.0300 32 slots 1 ports 1.5 Gbps 0x1 impl platform mode
[    2.127294] qcom_ahci_qcom 29000000.sata: flags: ncq sntf pm led clo only pmp pio slum part ccc apst 
[    2.144855] scsi host0: ahci_platform
[    2.149387] ata1: SATA max UDMA/133 mmio [mem 0x29000000-0x2900017f] port 0x100 irq 241
[    2.166987] CAN device driver interface
[    2.168447] atl1c 0000:01:00.0: enabling device (0140 -> 0142)
[    2.216416] atl1c 0000:01:00.0: version 1.0.1.1-NAPI
[    2.226743] usbcore: registered new interface driver ath6kl_usb
[    2.226813] pegasus: v0.9.3 (2013/04/25), Pegasus/Pegasus II USB Ethernet driver
[    2.231907] usbcore: registered new interface driver pegasus
[    2.239642] usbcore: registered new interface driver asix
[    2.245180] usbcore: registered new interface driver ax88179_178a
[    2.250487] usbcore: registered new interface driver cdc_ether
[    2.256808] usbcore: registered new interface driver smsc75xx
[    2.262405] usbcore: registered new interface driver smsc95xx
[    2.268098] usbcore: registered new interface driver net1080
[    2.273832] usbcore: registered new interface driver cdc_subset
[    2.279539] usbcore: registered new interface driver zaurus
[    2.285341] usbcore: registered new interface driver cdc_ncm
[    2.290498] ehci_hcd: USB 2.0 'Enhanced' Host Controller (EHCI) Driver
[    2.296353] ehci-pci: EHCI PCI platform driver
[    2.303010] ehci-platform: EHCI generic platform driver
[    2.307896] ehci-omap: OMAP-EHCI Host Controller driver
[    2.312927] ehci-orion: EHCI orion driver
[    2.318130] SPEAr-ehci: EHCI SPEAr driver
[    2.322314] ehci-msm: Qualcomm On-Chip EHCI Host Controller
[    2.326505] msm_hsusb_host 12500000.usb: unable to find transceiver
[    2.331270] platform 12500000.usb: Driver msm_hsusb_host requests probe deferral
[    2.337621] msm_hsusb_host 12520000.usb: unable to find transceiver
[    2.344967] platform 12520000.usb: Driver msm_hsusb_host requests probe deferral
[    2.351214] msm_hsusb_host 12530000.usb: unable to find transceiver
[    2.358577] platform 12530000.usb: Driver msm_hsusb_host requests probe deferral
[    2.364929] tegra-ehci: Tegra EHCI driver
[    2.372888] ohci_hcd: USB 1.1 'Open' Host Controller (OHCI) Driver
[    2.376043] ohci-pci: OHCI PCI platform driver
[    2.382447] ohci-platform: OHCI generic platform driver
[    2.387251] ohci-omap3: OHCI OMAP3 driver
[    2.392348] SPEAr-ohci: OHCI SPEAr driver
[    2.400143] usbcore: registered new interface driver usb-storage
[    2.404273] msm_otg 12500000.phy: failed to get usb_phy_clk
[    2.405931] msm_otg 12500000.phy: OTG regs = f0044000
[    2.414222] pm8921-l4: operation not allowed
[    2.416292] pm8921-l3: operation not allowed
[    2.471899] ata1: SATA link down (SStatus 0 SControl 300)
[    2.527474] msm_otg 12520000.phy: failed to get usb_phy_clk
[    2.527574] msm_otg 12520000.phy: OTG regs = f0046000
[    2.534110] pm8921-l23: operation not allowed
[    2.537155] pm8921-l3: operation not allowed
[    2.647239] msm_otg 12530000.phy: failed to get usb_phy_clk
[    2.647339] msm_otg 12530000.phy: OTG regs = f0048000
[    2.653740] pm8921-l23: operation not allowed
[    2.656909] pm8921-l3: operation not allowed
[    2.772542] ci_hdrc ci_hdrc.0: doesn't support gadget
[    2.772574] ci_hdrc ci_hdrc.0: no supported roles
[    2.781907] mousedev: PS/2 mouse device common for all mice
[    2.796466] i2c /dev entries driver
[    2.802292] usbcore: registered new interface driver uvcvideo
[    2.802336] USB Video Class driver (1.1.1)
[    2.807141] gspca_main: v2.14.0 registered
[    2.822963] device-mapper: ioctl: 4.27.0-ioctl (2013-10-30) initialised: dm-devel@redhat.com
[    2.830615] mmci-pl18x 12400000.sdcc: No vqmmc regulator found
[    2.830778] mmci-pl18x 12400000.sdcc: mmc0: PL180 manf 51 rev0 at 0x12400000 irq 136,0 (pio)
[    2.836663] mmci-pl18x 12400000.sdcc: DMA channels RX none, TX none
[    2.873106] mmci-pl18x 12180000.sdcc: No vqmmc regulator found
[    2.873231] mmci-pl18x 12180000.sdcc: mmc1: PL180 manf 51 rev0 at 0x12180000 irq 134,0 (pio)
[    2.878066] mmci-pl18x 12180000.sdcc: DMA channels RX none, TX none
[    2.913600] mmc0: new high speed MMC card at address 0001
[    2.918554] mmcblk0: mmc0:0001 SEM04G 3.68 GiB 
[    2.919188] mmcblk0boot0: mmc0:0001 SEM04G partition 1 2.00 MiB
[    2.922060] sdhci: Secure Digital Host Controller Interface driver
[    2.922069] sdhci: Copyright(c) Pierre Ossman
[    2.927044] Synopsys Designware Multimedia Card Interface Driver
[    2.930218] sdhci-pltfm: SDHCI platform and OF driver helper
[    2.935910] usbcore: registered new interface driver usbhid
[    2.935917] usbhid: USB HID core driver
[    2.956800] mmcblk0boot1: mmc0:0001 SEM04G partition 2 2.00 MiB
[    2.959319] TCP: cubic registered
[    2.959370] NET: Registered protocol family 17
[    2.959495] can: controller area network core (rev 20120528 abi 9)
[    2.959885] NET: Registered protocol family 29
[    2.959937] can: raw protocol (rev 20120528)
[    2.960143] can: broadcast manager protocol (rev 20120528 t)
[    2.960224] can: netlink gateway (rev 20130117) max_hops=1
[    2.963379] Key type dns_resolver registered
[    2.964645] ThumbEE CPU extension supported.
[    2.964730] Registering SWP/SWPB emulation handler
[    2.970782] qcom-iommu-v0 7500000.qcom,iommu: registered 1 master devices
[    2.972164] qcom-iommu-v0 7500000.qcom,iommu: device mapped at f0400000, irq 96 with 2 ctx banks
[    2.973797] qcom-iommu-v0 7c00000.qcom,iommu: registered 2 master devices
[    2.974371] qcom-iommu-v0 7c00000.qcom,iommu: device mapped at f0600000, irq 102 with 3 ctx banks
[    2.975095] qcom-iommu-v0 7d00000.qcom,iommu: registered 2 master devices
[    2.975654] qcom-iommu-v0 7d00000.qcom,iommu: device mapped at f0800000, irq 243 with 3 ctx banks
[    2.982865] hdmi_msm 4a00000.qcom,hdmi-tx: failed to get gpio: qcom,hdmi-tx-mux-en (-2)
[    2.982881] hdmi_msm 4a00000.qcom,hdmi-tx: failed to get gpio: qcom,hdmi-tx-mux-sel (-2)
[    2.982898] hdmi_msm 4a00000.qcom,hdmi-tx: failed to get gpio: qcom,hdmi-tx-mux-lpm (-2)
[    2.982933] msm 5100000.qcom,mdp: bound 4a00000.qcom,hdmi-tx (ops hdmi_ops)
[    2.982992] msm 5100000.qcom,mdp: bound 4300000.qcom,adreno-3xx (ops a3xx_ops)
[    2.983323] msm 5100000.qcom,mdp: dummy supplies not allowed
[    3.098668] mmcblk0rpmb: mmc0:0001 SEM04G partition 3 2.00 MiB
[    3.115030]  mmcblk0: p1 p2 p3 p4 p5 p6 p7 p8 p9 p10 p11 p12 p13 p14 p15
[    3.119755] [drm] Supports vblank timestamp caching Rev 2 (21.10.2013).
[    3.120811] [drm] No driver support for vblank timestamp query.
[    3.127710] msm 5100000.qcom,mdp: No connectors reported connected with modes
[    3.133145] [drm] Cannot find any crtc or sizes - going 1024x768
[    3.153133]  mmcblk0boot1: unknown partition table
[    3.159059]  mmcblk0boot0: unknown partition table
[    3.229312] Console: switching to colour frame buffer device 128x48
[    3.240860] msm 5100000.qcom,mdp: fb0: msm frame buffer device
[    3.245949] msm 5100000.qcom,mdp: registered panic notifier
[    3.271905] [drm] Initialized msm 1.0.0 20130625 on minor 0
[    3.278484] msm_hsusb_host 12500000.usb: EHCI Host Controller
[    3.279118] msm_hsusb_host 12500000.usb: new USB bus registered, assigned bus number 1
[    3.285119] msm_hsusb_host 12520000.usb: EHCI Host Controller
[    3.286154] drivers/rtc/hctosys.c: unable to open rtc device (rtc0)
[    3.297024] msm_hsusb_host 12520000.usb: new USB bus registered, assigned bus number 2
[    3.303665] msm_hsusb_host 12530000.usb: EHCI Host Controller
[    3.311105] msm_hsusb_host 12530000.usb: new USB bus registered, assigned bus number 3
[    3.319106] msm_hsusb_host 12500000.usb: irq 132, io mem 0x12500000
[    3.325391] msm_hsusb_host 12520000.usb: irq 220, io mem 0x12520000
[    3.331423] msm_hsusb_host 12530000.usb: irq 247, io mem 0x12530000
[    3.337386] msm_hsusb_host 12500000.usb: USB 2.0 started, EHCI 1.00
[    3.351222] hub 1-0:1.0: USB hub found
[    3.351760] msm_hsusb_host 12520000.usb: USB 2.0 started, EHCI 1.00
[    3.353982] hub 1-0:1.0: 1 port detected
[    3.362475] msm_hsusb_host 12530000.usb: USB 2.0 started, EHCI 1.00
[    3.369261] hub 2-0:1.0: USB hub found
[    3.370298] hub 2-0:1.0: 1 port detected
[    3.379185] hub 3-0:1.0: USB hub found
[    3.379336] hub 3-0:1.0: 1 port detected
[    3.384929] ------------[ cut here ]------------
[    3.385945] WARNING: CPU: 2 PID: 1 at drivers/clk/qcom/clk-branch.c:97 clk_branch_toggle+0xd0/0x138()
[    3.390521] gfx2d1_ahb_clk status stuck at 'on'
[    3.399624] Modules linked in:
[    3.407089] CPU: 2 PID: 1 Comm: swapper/0 Not tainted 3.17.0-rc1-gca49f69-dirty #9
[    3.407238] [<c0215ef8>] (unwind_backtrace) from [<c0211a30>] (show_stack+0x10/0x14)
[    3.414676] [<c0211a30>] (show_stack) from [<c086768c>] (dump_stack+0x84/0xb8)
[    3.422574] [<c086768c>] (dump_stack) from [<c0248158>] (warn_slowpath_common+0x64/0x88)
[    3.429600] [<c0248158>] (warn_slowpath_common) from [<c0248210>] (warn_slowpath_fmt+0x30/0x40)
[    3.437851] [<c0248210>] (warn_slowpath_fmt) from [<c0779bd4>] (clk_branch_toggle+0xd0/0x138)
[    3.446269] [<c0779bd4>] (clk_branch_toggle) from [<c0770908>] (clk_disable_unused_subtree+0x8c/0xa8)
[    3.454943] [<c0770908>] (clk_disable_unused_subtree) from [<c0771348>] (clk_disable_unused+0x30/0xd8)
[    3.464145] [<c0771348>] (clk_disable_unused) from [<c0208c84>] (do_one_initcall+0x80/0x1bc)
[    3.473365] [<c0208c84>] (do_one_initcall) from [<c0b91c9c>] (kernel_init_freeable+0x100/0x1cc)
[    3.481964] [<c0b91c9c>] (kernel_init_freeable) from [<c08625ac>] (kernel_init+0x8/0xec)
[    3.490368] [<c08625ac>] (kernel_init) from [<c020eae8>] (ret_from_fork+0x14/0x2c)
[    3.498680] ---[ end trace d945ff8fb81370df ]---
[    3.514348] Waiting for root device /dev/sda3...




[   14.366968] usb 3-1: new high-speed USB device number 2 using msm_hsusb_host
[   14.502778] usb-storage 3-1:1.0: USB Mass Storage device detected
[   14.505437] scsi host1: usb-storage 3-1:1.0
[   15.512207] scsi 1:0:0:0: Direct-Access     JetFlash Transcend 8GB    1.00 PQ: 0 ANSI: 6
[   15.523335] sd 1:0:0:0: [sda] 15433728 512-byte logical blocks: (7.90 GB/7.35 GiB)
[   15.523945] sd 1:0:0:0: [sda] Write Protect is off
[   15.530570] sd 1:0:0:0: [sda] Write cache: disabled, read cache: disabled, doesn't support DPO or FUA
[   15.551338] GPT:Primary header thinks Alt. header is not at the end of the disk.
[   15.551380] GPT:5058495 != 15433727
[   15.557896] GPT:Alternate GPT header not at the end of the disk.
[   15.561018] GPT:5058495 != 15433727
[   15.567383] GPT: Use GNU Parted to correct GPT errors.
[   15.570553]  sda: sda1 sda2 sda3 sda4 sda5 sda6 sda7 sda8 sda9 sda10 sda11 sda12
[   15.592708] sd 1:0:0:0: [sda] Attached SCSI removable disk
[   15.609693] EXT4-fs (sda3): mounting ext2 file system using the ext4 subsystem
[   15.628242] EXT4-fs (sda3): mounted filesystem without journal. Opts: (null)
[   15.628509] VFS: Mounted root (ext2 filesystem) readonly on device 8:3.
[   15.646987] devtmpfs: mounted
[   15.649199] Freeing unused kernel memory: 656K (c0b91000 - c0c35000)
[   16.103027] random: init urandom read with 60 bits of entropy available
[   16.528383] 4300000.qcom,adreno-3xx supply vdd not found, using dummy regulator
[   16.529563] 4300000.qcom,adreno-3xx supply vddcx not found, using dummy regulator
[   16.535231] msm 5100000.qcom,mdp: A320: using IOMMU
[   16.616786] systemd-udevd[1662]: starting version 208
[   16.864727] Unsafe core_pattern used with suid_dumpable=2. Pipe handler or fully qualified core dump path required.
[   17.120494] EXT4-fs (sda1): ext4_check_descriptors: Checksum for group 0 failed (51160!=12515)
[   17.120573] EXT4-fs (sda1): group descriptors corrupted!
[   21.052024] random: nonblocking pool is initialized

